<https://collectednotes.com/barckcode/docker-cheat-sheet>
<https://linuxhandbook.com/docker-permission-denied/>

fm@fm:~$ docker run hello-world

				Hello from Docker!
				This message shows that your installation appears to be working correctly.

				To generate this message, Docker took the following steps:
				 1. The Docker client contacted the Docker daemon.
				 2. The Docker daemon pulled the "hello-world" image from the Docker Hub.
					(amd64)
				 3. The Docker daemon created a new container from that image which runs the
					executable that produces the output you are currently reading.
				 4. The Docker daemon streamed that output to the Docker client, which sent it
					to your terminal.

				To try something more ambitious, you can run an Ubuntu container with:
				 $ docker run -it ubuntu bash

				Share images, automate workflows, and more with a free Docker ID:
				 https://hub.docker.com/

				For more examples and ideas, visit:
				 https://docs.docker.com/get-started/

# ver contenedores que están corriendo 
fm@fm:~$ docker ps
				CONTAINER ID   IMAGE     COMMAND   CREATED   STATUS    PORTS     NAMES

# ver todos los contenedores
fm@fm:~$ docker ps -a
				CONTAINER ID   IMAGE         COMMAND    CREATED         STATUS                     		PORTS     NAMES
				047b606f84dc   	hello-world   	"/hello" 2 minutes ago   Exited (0) 2 minutes ago             		clever_noether
				c8cd351b8526   hello-world   	"/hello" 6 minutes ago   Exited (0) 6 minutes ago             		wizardly_margulis
				5f33c6dcc33c   	hello-world   	"/hello" 3 hours ago     Exited (0) 3 hours ago               		strange_blackburn

# inspeccionar la confiuración de un contenedor
fm@fm:~$ docker inspect 047b606f84dc
[
    ...
]
# crear un contenedor con un nombre personalizado
fm@fm:~$ docker run --name container_HW hello-world
# renombrar un contenedor
fm@fm:~$ docker rename  container_HW container_hw
# eliminar un contenedor
fm@fm:~$ docker rm container_hw
# eliminar todos los contenedores apagados
fm@fm:~$ docker container prune
WARNING! This will remove all stopped containers.
Are you sure you want to continue? [y/N] y
Deleted Containers:
047b606f84dc54d4840da510956babc93580c597e70954b53ae68f196452b0f6
c8cd351b8526c2848a5bef9783858a527ba7bc8e9b1c60cbedcc763d6b6ab7d8
5f33c6dcc33c755ea59c913f8ce8e97b31d723d1f10b450a42c1a35b434dcf64

Total reclaimed space: 0B

# eliminar TODOS los contenedores
fm@fm:~$ docker rm -f $(docker ps -aq)
